
> ancora-backend@0.1.0 test
> vitest run


 RUN  v3.2.4 C:/Users/maria/OneDrive/Documentos/Ancora---Backend

 Ô£ô src/test/database-converters.test.ts (4 tests) 9ms
 Ôåô src/test/supabase.integration.test.ts (1 test | 1 skipped)
 Ôåô src/test/supabase-connection.test.ts (1 test | 1 skipped)

 Test Files  1 passed | 2 skipped (3)
      Tests  4 passed | 2 skipped (6)
   Start at  17:48:06
   Duration  508ms (transform 122ms, setup 23ms, collect 309ms, tests 9ms, environment 1ms, prepare 436ms)

